IQ-TREE multicore version 2.4.0 for Linux x86 64-bit built Feb 12 2025
Developed by Bui Quang Minh, Nguyen Lam Tung, Olga Chernomor, Heiko Schmidt,
Dominik Schrempf, Michael Woodhams, Ly Trong Nhan, Thomas Wong

Host:    rblawid (AVX2, FMA3, 47 GB RAM)
Command: iqtree2 --threads-max 1 -s results/aligned-delim.fasta -m GTR --ninit 2 -n 2 --epsilon 0.05 -T AUTO --redo
Seed:    462344 (Using SPRNG - Scalable Parallel Random Number Generator)
Time:    Tue Feb 24 11:42:26 2026
Kernel:  AVX+FMA - auto-detect threads (20 CPU cores detected)

Reading alignment file results/aligned-delim.fasta ... Fasta format detected
Reading fasta file: done in 0.0116224 secs using 74.63% CPU
Alignment most likely contains DNA/RNA sequences
Alignment has 180 sequences with 9608 columns, 533 distinct patterns
407 parsimony-informative, 110 singleton sites, 9091 constant sites
          Gap/Ambiguity  Composition  p-value
Analyzing sequences: done in 3.0455e-05 secs using 4771% CPU
   1  U42596.1    0.00%    failed      0.00%
   2  U42596     90.54%    failed      1.21%
   3  AJ244059   90.54%    failed      0.65%
   4  AJ244058   90.54%    failed      2.43%
   5  AJ244064   90.54%    failed      2.58%
   6  MZ670800   90.54%    failed      1.81%
   7  MZ670837   90.54%    failed      2.23%
   8  MZ695381   90.54%    failed      2.59%
   9  MT501356   90.54%    failed      2.29%
  10  MT542851   90.54%    failed      2.26%
  11  MT542852   90.54%    failed      2.59%
  12  MZ695382   90.54%    failed      1.27%
  13  MZ695349   90.54%    failed      2.89%
  14  MT501357   90.54%    failed      2.82%
  15  MZ670839   90.54%    failed      1.87%
  16  OQ677014   95.82%    passed     70.25%
  17  OQ677016   95.82%    passed     59.99%
  18  MT591050   90.54%    failed      1.32%
  19  MT591058   90.54%    failed      1.37%
  20  MK814865   95.82%    passed     59.99%
  21  MK814866   95.82%    passed     58.33%
  22  MK814868   95.82%    passed     55.83%
  23  OQ677015   95.97%    passed     63.12%
  24  OR004209   95.83%    passed     67.82%
  25  OR004210   95.83%    passed     59.59%
  26  OR004211   95.83%    passed     68.04%
  27  OR004212   95.83%    passed     67.25%
  28  OR004213   95.83%    passed     63.96%
  29  OR004214   95.83%    passed     63.96%
  30  OR004215   95.83%    passed     64.52%
  31  OR004216   95.83%    passed     63.96%
  32  MT591037   90.54%    failed      2.80%
  33  OR004208   95.75%    passed     53.40%
  34  MZ695341   90.54%    failed      1.56%
  35  MZ695384   90.54%    failed      1.78%
  36  MZ695348   90.54%    failed      2.59%
  37  MZ695442   90.54%    failed      0.85%
  38  MZ695340   90.54%    failed      0.75%
  39  MZ695389   90.54%    failed      2.91%
  40  MZ670997   90.54%    failed      0.87%
  41  MZ671007   90.54%    failed      1.85%
  42  MZ695342   90.54%    failed      1.74%
  43  MZ695351   90.54%    failed      1.29%
  44  MZ695439   90.54%    failed      1.88%
  45  MT542854   90.54%    failed      1.37%
  46  MT501413   90.54%    failed      1.03%
  47  MK814867   95.82%    passed     70.38%
  48  MZ670940   90.54%    failed      2.57%
  49  MT542861   90.54%    failed      1.27%
  50  OR004230   95.83%    passed     72.85%
  51  MZ695339   90.54%    failed      1.02%
  52  MZ695448   90.54%    failed      0.92%
  53  MZ670854   90.54%    failed      1.03%
  54  MT542857   90.54%    failed      4.31%
  55  OR004231   95.83%    passed     64.42%
  56  MZ670802   90.54%    failed      2.66%
  57  MZ670810   90.54%    failed      3.24%
  58  MZ670836   90.54%    failed      3.13%
  59  MZ670892   90.54%    failed      2.60%
  60  MZ670888   90.54%    failed      3.35%
  61  MZ671016   90.54%    failed      2.79%
  62  MZ670894   90.54%    failed      3.15%
  63  MZ670842   90.54%    failed      3.09%
  64  MT591081   90.54%    failed      2.77%
  65  MZ670876   90.54%    failed      2.46%
  66  MZ695390   90.54%    failed      1.16%
  67  MZ695336   90.54%    failed      4.71%
  68  MZ695364   90.54%    failed      2.48%
  69  MZ695374   90.54%    failed      4.11%
  70  OQ677004   95.82%    passed     62.83%
  71  OQ677006   95.82%    passed     64.30%
  72  OQ677007   95.82%    passed     64.30%
  73  OQ677009   95.82%    passed     64.30%
  74  OQ677011   95.82%    passed     64.30%
  75  OQ677008   95.82%    passed     63.59%
  76  OR004217   95.83%    passed     61.42%
  77  OR004218   95.83%    passed     67.26%
  78  OR004219   95.83%    passed     66.52%
  79  OR004222   95.83%    passed     66.52%
  80  OR004220   95.83%    passed     64.81%
  81  OR004221   95.83%    passed     64.81%
  82  OR004223   95.83%    passed     66.86%
  83  OR004224   95.83%    passed     66.86%
  84  OR004225   95.83%    passed     66.86%
  85  OR004226   95.83%    passed     67.60%
  86  OR004227   95.83%    passed     66.52%
  87  OR004228   95.83%    passed     66.86%
  88  MZ695441   90.54%    failed      3.24%
  89  MZ695413   90.54%    failed      0.65%
  90  MZ695445   90.54%    failed      1.53%
  91  MZ695437   90.54%    failed      1.47%
  92  AJ244056   90.54%    failed      1.88%
  93  MZ695431   90.54%    failed      2.77%
  94  MT542863   90.54%    failed      4.33%
  95  MT501332   90.54%    failed      2.71%
  96  MT501335   90.54%    failed      2.71%
  97  MT501334   90.54%    failed      3.46%
  98  MT501354   90.54%    failed      3.29%
  99  MT591051   90.54%    failed      3.24%
 100  MZ695372   90.54%    failed      2.16%
 101  MZ670976   90.54%    failed      4.44%
 102  OQ677012   95.72%    passed     58.79%
 103  MT501419   90.54%    failed      4.16%
 104  MT501444   90.54%    failed      1.20%
 105  AJ244048   90.54%    failed      1.81%
 106  AJ244054   90.54%    failed      2.97%
 107  MT501348   90.54%    failed      4.46%
 108  MZ695366   90.54%    failed      2.10%
 109  MZ695440   90.54%    failed      1.63%
 110  MT542856   90.54%    failed      4.72%
 111  AJ244049   90.54%    failed      3.38%
 112  MZ695343   90.54%    failed      1.38%
 113  MT542858   90.54%    failed      4.28%
 114  MZ695433   90.54%    failed      4.13%
 115  MZ670816   90.54%    passed      8.07%
 116  OQ677010   95.82%    passed     66.58%
 117  MZ670841   90.54%    failed      1.74%
 118  OQ677005   95.69%    passed     60.20%
 119  MT501353   90.54%    failed      4.67%
 120  MZ695387   90.54%    failed      1.39%
 121  MZ695388   90.54%    failed      1.38%
 122  MT501350   90.54%    failed      2.83%
 123  MT591064   90.54%    failed      2.11%
 124  MT501333   90.54%    failed      2.59%
 125  OK239701   90.54%    failed      2.04%
 126  OK239702   90.54%    failed      2.27%
 127  OL739290   90.54%    failed      2.93%
 128  MT501336   90.54%    failed      3.71%
 129  MZ670922   90.54%    failed      4.71%
 130  MZ695391   90.54%    failed      2.17%
 131  MZ695392   90.54%    failed      2.90%
 132  MZ695446   90.54%    failed      2.93%
 133  MT542864   90.54%    failed      2.28%
 134  MZ695444   90.54%    failed      1.25%
 135  MT501338   90.54%    failed      1.74%
 136  MZ695363   90.54%    failed      1.66%
 137  MZ695365   90.54%    failed      2.66%
 138  MZ670962   90.54%    failed      1.26%
 139  OR004232   96.17%    passed     70.34%
 140  MZ695443   90.54%    failed      2.46%
 141  MZ695397   90.54%    failed      1.91%
 142  MZ695406   90.54%    failed      1.85%
 143  AJ238401   90.54%    failed      1.57%
 144  AJ244043   90.54%    failed      2.10%
 145  AJ244044   90.54%    failed      2.19%
 146  AJ244057   90.54%    failed      1.59%
 147  AJ244063   90.54%    failed      1.53%
 148  MZ670843   90.54%    failed      1.89%
 149  MZ670844   90.54%    failed      2.62%
 150  MT501399   90.54%    failed      0.76%
 151  AJ244047   90.54%    failed      0.87%
 152  MZ670845   90.54%    failed      0.65%
 153  MZ670943   90.54%    failed      3.40%
 154  MZ670933   90.54%    failed      1.92%
 155  MZ670955   90.54%    failed      1.99%
 156  MZ671006   90.54%    failed      1.81%
 157  MZ695402   90.54%    failed      1.59%
 158  MZ695393   90.54%    failed      4.52%
 159  MT501341   90.54%    failed      0.37%
 160  MT501343   90.54%    failed      4.96%
 161  MT501349   90.54%    failed      3.55%
 162  MZ695411   90.54%    failed      3.40%
 163  MZ695447   90.54%    passed      7.27%
 164  AJ244046   90.54%    failed      3.88%
 165  AJ244055   90.54%    failed      4.44%
 166  AJ244065   90.54%    failed      3.84%
 167  AJ244066   90.54%    failed      4.35%
 168  AJ244060   90.54%    failed      1.11%
 169  AJ244045   90.54%    failed      1.74%
 170  AJ244061   90.54%    failed      1.11%
 171  AJ244062   90.54%    failed      0.51%
 172  MZ695405   90.54%    failed      1.07%
 173  MZ670935   90.54%    failed      1.99%
 174  MZ670936   90.54%    failed      1.12%
 175  MT542859   90.54%    passed      9.44%
 176  MZ695408   90.54%    failed      1.37%
 177  AJ244050   90.91%    failed      2.70%
 178  AJ244051   90.91%    failed      2.70%
 179  AJ244053   90.91%    failed      2.70%
 180  AJ244052   90.91%    passed      9.15%
WARNING: 179 sequences contain more than 50% gaps/ambiguity
****  TOTAL      91.22%  136 sequences failed composition chi2 test (p-value<5%; df=3)
NOTE: OR004214 is identical to OR004213 but kept for subsequent analysis
NOTE: OQ677007 is identical to OQ677006 but kept for subsequent analysis
NOTE: OR004222 is identical to OR004219 but kept for subsequent analysis
NOTE: OR004221 is identical to OR004220 but kept for subsequent analysis
NOTE: OR004224 is identical to OR004223 but kept for subsequent analysis
NOTE: MT501335 is identical to MT501332 but kept for subsequent analysis
NOTE: AJ244051 is identical to AJ244050 but kept for subsequent analysis
NOTE: 4 identical sequences (see below) will be ignored for subsequent analysis
NOTE: OQ677009 (identical to OQ677006) is ignored but added at the end
NOTE: OQ677011 (identical to OQ677006) is ignored but added at the end
NOTE: OR004225 (identical to OR004223) is ignored but added at the end
NOTE: AJ244053 (identical to AJ244050) is ignored but added at the end
Alignment was printed to results/aligned-delim.fasta.uniqueseq.phy

For your convenience alignment with unique sequences printed to results/aligned-delim.fasta.uniqueseq.phy

Create initial parsimony tree by phylogenetic likelihood library (PLL)... 0.015 seconds

NOTE: 3 MB RAM (0 GB) is required!
Measuring multi-threading efficiency up to 1 CPU cores
Increase to 10 rounds for branch lengths
25 trees examined
Threads: 1 / Time: 1.012 sec / Speedup: 1.000 / Efficiency: 100% / LogL: -47696
BEST NUMBER OF THREADS: 1

Estimate model parameters (epsilon = 0.500)
1. Initial log-likelihood: -34117.492
2. Current log-likelihood: -28476.169
3. Current log-likelihood: -28472.874
Optimal log-likelihood: -28472.782
Rate parameters:  A-C: 0.99337  A-G: 8.26361  A-T: 1.41702  C-G: 0.40581  C-T: 11.73812  G-T: 1.00000
Base frequencies:  A: 0.291  C: 0.217  G: 0.252  T: 0.240
Parameters optimization took 3 rounds (0.118 sec)
Wrote distance file to... 
Computing ML distances based on estimated model parameters...
Calculating distance matrix: done in 0.0286113 secs using 87.04% CPU
Computing ML distances took 0.028907 sec (of wall-clock time) 0.024924 sec (of CPU time)
Setting up auxiliary I and S matrices: done in 0.000962189 secs
Computing RapidNJ tree took 0.002328 sec (of wall-clock time) 0.000003 sec (of CPU time)
Log-likelihood of RapidNJ tree: -28965.797
--------------------------------------------------------------------
|             INITIALIZING CANDIDATE TREE SET                      |
--------------------------------------------------------------------

Do NNI search on 2 best initial trees
Estimate model parameters (epsilon = 0.500)
BETTER TREE FOUND at iteration 1: -28452.676
Finish initializing candidate tree set (4)
Current best tree score: -28452.676 / CPU time: 0.236
Number of iterations: 2
TREE SEARCH COMPLETED AFTER 2 ITERATIONS / Time: 0h:0m:1s

--------------------------------------------------------------------
|                    FINALIZING TREE SEARCH                        |
--------------------------------------------------------------------
Performs final model parameters optimization
Estimate model parameters (epsilon = 0.050)
1. Initial log-likelihood: -28452.676
Optimal log-likelihood: -28452.662
Rate parameters:  A-C: 0.97936  A-G: 8.22311  A-T: 1.39275  C-G: 0.40045  C-T: 11.80797  G-T: 1.00000
Base frequencies:  A: 0.291  C: 0.217  G: 0.252  T: 0.240
Parameters optimization took 1 rounds (0.013 sec)
BEST SCORE FOUND : -28452.662
Total tree length: 3.305

Total number of iterations: 2
CPU time used for tree search: 0.233 sec (0h:0m:0s)
Wall-clock time used for tree search: 0.237 sec (0h:0m:0s)
Total CPU time used: 1.829 sec (0h:0m:1s)
Total wall-clock time used: 1.502 sec (0h:0m:1s)

Analysis results written to: 
  IQ-TREE report:                results/aligned-delim.fasta.iqtree
  Maximum-likelihood tree:       results/aligned-delim.fasta.treefile
  Likelihood distances:          results/aligned-delim.fasta.mldist
  Screen log file:               results/aligned-delim.fasta.log

Date and Time: Tue Feb 24 11:42:28 2026
